<?xml version="1.0"?>
<link_info>
   <banner>TI ARM Linker PC v15.12.1.LTS</banner>
   <copyright>Copyright (c) 1996-2015 Texas Instruments Incorporated</copyright>
   <link_time>0x5758132e</link_time>
   <link_errors>0x0</link_errors>
   <output_file>ARM_GPIO.out</output_file>
   <entry_point>
      <name>_c_int00</name>
      <address>0x800026d8</address>
   </entry_point>
   <input_file_list>
      <input_file id="fl-2">
         <path>.\App\</path>
         <kind>object</kind>
         <file>main.obj</file>
         <name>main.obj</name>
      </input_file>
      <input_file id="fl-3">
         <path>.\BSP\</path>
         <kind>object</kind>
         <file>bsp_timer.obj</file>
         <name>bsp_timer.obj</name>
      </input_file>
      <input_file id="fl-4">
         <path>.\uC-CPU\</path>
         <kind>object</kind>
         <file>cpu_a.obj</file>
         <name>cpu_a.obj</name>
      </input_file>
      <input_file id="fl-5">
         <path>.\uC-CPU\</path>
         <kind>object</kind>
         <file>cpu_core.obj</file>
         <name>cpu_core.obj</name>
      </input_file>
      <input_file id="fl-6">
         <path>.\uC-LIB\</path>
         <kind>object</kind>
         <file>lib_ascii.obj</file>
         <name>lib_ascii.obj</name>
      </input_file>
      <input_file id="fl-7">
         <path>.\uC-LIB\</path>
         <kind>object</kind>
         <file>lib_mem.obj</file>
         <name>lib_mem.obj</name>
      </input_file>
      <input_file id="fl-8">
         <path>.\uC-LIB\</path>
         <kind>object</kind>
         <file>lib_mem_a.obj</file>
         <name>lib_mem_a.obj</name>
      </input_file>
      <input_file id="fl-9">
         <path>.\uC-LIB\</path>
         <kind>object</kind>
         <file>lib_str.obj</file>
         <name>lib_str.obj</name>
      </input_file>
      <input_file id="fl-a">
         <path>.\uCOS-II\Ports\</path>
         <kind>object</kind>
         <file>os_cpu_a.obj</file>
         <name>os_cpu_a.obj</name>
      </input_file>
      <input_file id="fl-b">
         <path>.\uCOS-II\Ports\</path>
         <kind>object</kind>
         <file>os_cpu_c.obj</file>
         <name>os_cpu_c.obj</name>
      </input_file>
      <input_file id="fl-c">
         <path>.\uCOS-II\Ports\</path>
         <kind>object</kind>
         <file>os_dbg.obj</file>
         <name>os_dbg.obj</name>
      </input_file>
      <input_file id="fl-d">
         <path>.\uCOS-II\Ports\</path>
         <kind>object</kind>
         <file>os_dcc.obj</file>
         <name>os_dcc.obj</name>
      </input_file>
      <input_file id="fl-e">
         <path>.\uCOS-II\Source\</path>
         <kind>object</kind>
         <file>os_core.obj</file>
         <name>os_core.obj</name>
      </input_file>
      <input_file id="fl-f">
         <path>.\uCOS-II\Source\</path>
         <kind>object</kind>
         <file>os_flag.obj</file>
         <name>os_flag.obj</name>
      </input_file>
      <input_file id="fl-10">
         <path>.\uCOS-II\Source\</path>
         <kind>object</kind>
         <file>os_mbox.obj</file>
         <name>os_mbox.obj</name>
      </input_file>
      <input_file id="fl-11">
         <path>.\uCOS-II\Source\</path>
         <kind>object</kind>
         <file>os_mem.obj</file>
         <name>os_mem.obj</name>
      </input_file>
      <input_file id="fl-12">
         <path>.\uCOS-II\Source\</path>
         <kind>object</kind>
         <file>os_mutex.obj</file>
         <name>os_mutex.obj</name>
      </input_file>
      <input_file id="fl-13">
         <path>.\uCOS-II\Source\</path>
         <kind>object</kind>
         <file>os_q.obj</file>
         <name>os_q.obj</name>
      </input_file>
      <input_file id="fl-14">
         <path>.\uCOS-II\Source\</path>
         <kind>object</kind>
         <file>os_sem.obj</file>
         <name>os_sem.obj</name>
      </input_file>
      <input_file id="fl-15">
         <path>.\uCOS-II\Source\</path>
         <kind>object</kind>
         <file>os_task.obj</file>
         <name>os_task.obj</name>
      </input_file>
      <input_file id="fl-16">
         <path>.\uCOS-II\Source\</path>
         <kind>object</kind>
         <file>os_time.obj</file>
         <name>os_time.obj</name>
      </input_file>
      <input_file id="fl-17">
         <path>.\uCOS-II\Source\</path>
         <kind>object</kind>
         <file>os_tmr.obj</file>
         <name>os_tmr.obj</name>
      </input_file>
      <input_file id="fl-d7">
         <path>C:\ti\ccsv6\tools\compiler\ti-cgt-arm_15.12.1.LTS\lib\</path>
         <kind>archive</kind>
         <file>rtsv5_A_le_eabi.lib</file>
         <name>boot.obj</name>
      </input_file>
      <input_file id="fl-d8">
         <path>C:\ti\ccsv6\tools\compiler\ti-cgt-arm_15.12.1.LTS\lib\</path>
         <kind>archive</kind>
         <file>rtsv5_A_le_eabi.lib</file>
         <name>copy_decompress_none.obj</name>
      </input_file>
      <input_file id="fl-d9">
         <path>C:\ti\ccsv6\tools\compiler\ti-cgt-arm_15.12.1.LTS\lib\</path>
         <kind>archive</kind>
         <file>rtsv5_A_le_eabi.lib</file>
         <name>copy_decompress_rle.obj</name>
      </input_file>
      <input_file id="fl-da">
         <path>C:\ti\ccsv6\tools\compiler\ti-cgt-arm_15.12.1.LTS\lib\</path>
         <kind>archive</kind>
         <file>rtsv5_A_le_eabi.lib</file>
         <name>copy_zero_init.obj</name>
      </input_file>
      <input_file id="fl-db">
         <path>C:\ti\ccsv6\tools\compiler\ti-cgt-arm_15.12.1.LTS\lib\</path>
         <kind>archive</kind>
         <file>rtsv5_A_le_eabi.lib</file>
         <name>exit.obj</name>
      </input_file>
      <input_file id="fl-dc">
         <path>C:\ti\ccsv6\tools\compiler\ti-cgt-arm_15.12.1.LTS\lib\</path>
         <kind>archive</kind>
         <file>rtsv5_A_le_eabi.lib</file>
         <name>fs_cmp32.obj</name>
      </input_file>
      <input_file id="fl-dd">
         <path>C:\ti\ccsv6\tools\compiler\ti-cgt-arm_15.12.1.LTS\lib\</path>
         <kind>archive</kind>
         <file>rtsv5_A_le_eabi.lib</file>
         <name>fs_div32.obj</name>
      </input_file>
      <input_file id="fl-de">
         <path>C:\ti\ccsv6\tools\compiler\ti-cgt-arm_15.12.1.LTS\lib\</path>
         <kind>archive</kind>
         <file>rtsv5_A_le_eabi.lib</file>
         <name>fs_mul32.obj</name>
      </input_file>
      <input_file id="fl-df">
         <path>C:\ti\ccsv6\tools\compiler\ti-cgt-arm_15.12.1.LTS\lib\</path>
         <kind>archive</kind>
         <file>rtsv5_A_le_eabi.lib</file>
         <name>fs_tou32.obj</name>
      </input_file>
      <input_file id="fl-e0">
         <path>C:\ti\ccsv6\tools\compiler\ti-cgt-arm_15.12.1.LTS\lib\</path>
         <kind>archive</kind>
         <file>rtsv5_A_le_eabi.lib</file>
         <name>memcpy32.obj</name>
      </input_file>
      <input_file id="fl-e1">
         <path>C:\ti\ccsv6\tools\compiler\ti-cgt-arm_15.12.1.LTS\lib\</path>
         <kind>archive</kind>
         <file>rtsv5_A_le_eabi.lib</file>
         <name>memset32.obj</name>
      </input_file>
      <input_file id="fl-e2">
         <path>C:\ti\ccsv6\tools\compiler\ti-cgt-arm_15.12.1.LTS\lib\</path>
         <kind>archive</kind>
         <file>rtsv5_A_le_eabi.lib</file>
         <name>mpu_init.obj</name>
      </input_file>
      <input_file id="fl-e3">
         <path>C:\ti\ccsv6\tools\compiler\ti-cgt-arm_15.12.1.LTS\lib\</path>
         <kind>archive</kind>
         <file>rtsv5_A_le_eabi.lib</file>
         <name>pre_init.obj</name>
      </input_file>
      <input_file id="fl-e4">
         <path>C:\ti\ccsv6\tools\compiler\ti-cgt-arm_15.12.1.LTS\lib\</path>
         <kind>archive</kind>
         <file>rtsv5_A_le_eabi.lib</file>
         <name>stkdepth_vars.obj</name>
      </input_file>
      <input_file id="fl-e5">
         <path>C:\ti\ccsv6\tools\compiler\ti-cgt-arm_15.12.1.LTS\lib\</path>
         <kind>archive</kind>
         <file>rtsv5_A_le_eabi.lib</file>
         <name>u_div32.obj</name>
      </input_file>
      <input_file id="fl-e6">
         <path>C:\ti\ccsv6\tools\compiler\ti-cgt-arm_15.12.1.LTS\lib\</path>
         <kind>archive</kind>
         <file>rtsv5_A_le_eabi.lib</file>
         <name>_lock.obj</name>
      </input_file>
      <input_file id="fl-e7">
         <path>C:\ti\ccsv6\tools\compiler\ti-cgt-arm_15.12.1.LTS\lib\</path>
         <kind>archive</kind>
         <file>rtsv5_A_le_eabi.lib</file>
         <name>args_main.obj</name>
      </input_file>
      <input_file id="fl-e8">
         <path>C:\ti\ccsv6\tools\compiler\ti-cgt-arm_15.12.1.LTS\lib\</path>
         <kind>archive</kind>
         <file>rtsv5_A_le_eabi.lib</file>
         <name>autoinit.obj</name>
      </input_file>
      <input_file id="fl-e9">
         <path>C:\ti\ccsv6\tools\compiler\ti-cgt-arm_15.12.1.LTS\lib\</path>
         <kind>archive</kind>
         <file>rtsv5_A_le_eabi.lib</file>
         <name>cpy_tbl.obj</name>
      </input_file>
      <input_file id="fl-ea">
         <path>C:\ti\ccsv6\tools\compiler\ti-cgt-arm_15.12.1.LTS\lib\</path>
         <kind>archive</kind>
         <file>rtsv5_A_le_eabi.lib</file>
         <name>fs_toi32.obj</name>
      </input_file>
      <input_file id="fl-eb">
         <path>C:\ti\ccsv6\tools\compiler\ti-cgt-arm_15.12.1.LTS\lib\</path>
         <kind>archive</kind>
         <file>rtsv5_A_le_eabi.lib</file>
         <name>i_div0.obj</name>
      </input_file>
      <input_file id="fl-ec">
         <path>C:\ti\ccsv6\tools\compiler\ti-cgt-arm_15.12.1.LTS\lib\</path>
         <kind>archive</kind>
         <file>rtsv5_A_le_eabi.lib</file>
         <name>startup.obj</name>
      </input_file>
      <input_file id="fl-ed">
         <path>C:\ti\OMAPL138_StarterWare_1_10_04_01\binary\armv5\cgt_ccs\omapl138\system_config\Debug\</path>
         <kind>archive</kind>
         <file>system_config.lib</file>
         <name>interrupt.obj</name>
      </input_file>
      <input_file id="fl-ee">
         <path>C:\ti\OMAPL138_StarterWare_1_10_04_01\binary\armv5\cgt_ccs\omapl138\system_config\Debug\</path>
         <kind>archive</kind>
         <file>system_config.lib</file>
         <name>cpu.obj</name>
      </input_file>
      <input_file id="fl-ef">
         <path>C:\ti\OMAPL138_StarterWare_1_10_04_01\binary\armv5\cgt_ccs\utils\Debug\</path>
         <kind>archive</kind>
         <file>utils.lib</file>
         <name>uartStdio.obj</name>
      </input_file>
      <input_file id="fl-f0">
         <path>C:\ti\OMAPL138_StarterWare_1_10_04_01\binary\armv5\cgt_ccs\omapl138\drivers\Debug\</path>
         <kind>archive</kind>
         <file>drivers.lib</file>
         <name>timer.obj</name>
      </input_file>
      <input_file id="fl-f1">
         <path>C:\ti\OMAPL138_StarterWare_1_10_04_01\binary\armv5\gcc\omapl138\lcdkOMAPL138\platform\Release\</path>
         <kind>archive</kind>
         <file>libplatform.a</file>
         <name>uartConsole.o</name>
      </input_file>
      <input_file id="fl-f2">
         <path>C:\ti\OMAPL138_StarterWare_1_10_04_01\binary\armv5\gcc\omapl138\lcdkOMAPL138\platform\Release\</path>
         <kind>archive</kind>
         <file>libplatform.a</file>
         <name>uart.o</name>
      </input_file>
      <input_file id="fl-f3">
         <path>C:\ti\OMAPL138_StarterWare_1_10_04_01\binary\armv5\cgt_ccs\omapl138\drivers\Debug\</path>
         <kind>archive</kind>
         <file>drivers.lib</file>
         <name>uart.obj</name>
      </input_file>
      <input_file id="fl-f4">
         <path>C:\ti\OMAPL138_StarterWare_1_10_04_01\binary\armv5\cgt_ccs\omapl138\drivers\Debug\</path>
         <kind>archive</kind>
         <file>drivers.lib</file>
         <name>psc.obj</name>
      </input_file>
   </input_file_list>
   <object_component_list>
      <object_component id="oc-c1">
         <name>.text</name>
         <load_address>0x80000000</load_address>
         <run_address>0x80000000</run_address>
         <size>0xc30</size>
         <input_file_ref idref="fl-ef"/>
      </object_component>
      <object_component id="oc-c7">
         <name>.text</name>
         <load_address>0x80000c30</load_address>
         <run_address>0x80000c30</run_address>
         <size>0x84c</size>
         <input_file_ref idref="fl-f0"/>
      </object_component>
      <object_component id="oc-142">
         <name>.text</name>
         <load_address>0x8000147c</load_address>
         <run_address>0x8000147c</run_address>
         <size>0x5e8</size>
         <input_file_ref idref="fl-f3"/>
      </object_component>
      <object_component id="oc-d3">
         <name>.text</name>
         <load_address>0x80001a64</load_address>
         <run_address>0x80001a64</run_address>
         <size>0x3b8</size>
         <input_file_ref idref="fl-ed"/>
      </object_component>
      <object_component id="oc-9f">
         <name>.text</name>
         <load_address>0x80001e1c</load_address>
         <run_address>0x80001e1c</run_address>
         <size>0x190</size>
         <input_file_ref idref="fl-2"/>
      </object_component>
      <object_component id="oc-30">
         <name>.text</name>
         <load_address>0x80001fac</load_address>
         <run_address>0x80001fac</run_address>
         <size>0x180</size>
         <input_file_ref idref="fl-e0"/>
      </object_component>
      <object_component id="oc-135">
         <name>.text</name>
         <load_address>0x8000212c</load_address>
         <run_address>0x8000212c</run_address>
         <size>0x154</size>
         <input_file_ref idref="fl-f4"/>
      </object_component>
      <object_component id="oc-104">
         <name>.text</name>
         <load_address>0x80002280</load_address>
         <run_address>0x80002280</run_address>
         <size>0xf0</size>
         <input_file_ref idref="fl-e5"/>
      </object_component>
      <object_component id="oc-49">
         <name>.text</name>
         <load_address>0x80002370</load_address>
         <run_address>0x80002370</run_address>
         <size>0xb0</size>
         <input_file_ref idref="fl-e1"/>
      </object_component>
      <object_component id="oc-61">
         <name>.text</name>
         <load_address>0x80002420</load_address>
         <run_address>0x80002420</run_address>
         <size>0xa0</size>
         <input_file_ref idref="fl-e8"/>
      </object_component>
      <object_component id="oc-3c">
         <name>.text</name>
         <load_address>0x800024c0</load_address>
         <run_address>0x800024c0</run_address>
         <size>0xa0</size>
         <input_file_ref idref="fl-d9"/>
      </object_component>
      <object_component id="oc-6d">
         <name>.text</name>
         <load_address>0x80002560</load_address>
         <run_address>0x80002560</run_address>
         <size>0x90</size>
         <input_file_ref idref="fl-db"/>
      </object_component>
      <object_component id="oc-91">
         <name>.text</name>
         <load_address>0x800025f0</load_address>
         <run_address>0x800025f0</run_address>
         <size>0x88</size>
         <input_file_ref idref="fl-e9"/>
      </object_component>
      <object_component id="oc-cd">
         <name>.text</name>
         <load_address>0x80002678</load_address>
         <run_address>0x80002678</run_address>
         <size>0x60</size>
         <input_file_ref idref="fl-ee"/>
      </object_component>
      <object_component id="oc-2a">
         <name>.text</name>
         <load_address>0x800026d8</load_address>
         <run_address>0x800026d8</run_address>
         <size>0x58</size>
         <input_file_ref idref="fl-d7"/>
      </object_component>
      <object_component id="oc-e9">
         <name>.text</name>
         <load_address>0x80002730</load_address>
         <run_address>0x80002730</run_address>
         <size>0x24</size>
         <input_file_ref idref="fl-e6"/>
      </object_component>
      <object_component id="oc-67">
         <name>.text</name>
         <load_address>0x80002754</load_address>
         <run_address>0x80002754</run_address>
         <size>0x20</size>
         <input_file_ref idref="fl-e7"/>
      </object_component>
      <object_component id="oc-18">
         <name>.text:decompress:none</name>
         <load_address>0x80002774</load_address>
         <run_address>0x80002774</run_address>
         <size>0x14</size>
         <input_file_ref idref="fl-d8"/>
      </object_component>
      <object_component id="oc-122">
         <name>.text:CPUIntStatus</name>
         <load_address>0x80002788</load_address>
         <run_address>0x80002788</run_address>
         <size>0xc</size>
         <input_file_ref idref="fl-ee"/>
      </object_component>
      <object_component id="oc-1e">
         <name>.text:decompress:rle24</name>
         <load_address>0x80002794</load_address>
         <run_address>0x80002794</run_address>
         <size>0x8</size>
         <input_file_ref idref="fl-d9"/>
      </object_component>
      <object_component id="oc-5b">
         <name>.text</name>
         <load_address>0x8000279c</load_address>
         <run_address>0x8000279c</run_address>
         <size>0x8</size>
         <input_file_ref idref="fl-e3"/>
      </object_component>
      <object_component id="oc-14a">
         <name>.text</name>
         <load_address>0x800027a4</load_address>
         <run_address>0x800027a4</run_address>
         <size>0x4</size>
         <input_file_ref idref="fl-eb"/>
      </object_component>
      <object_component id="oc-55">
         <name>.text</name>
         <load_address>0x800027a8</load_address>
         <run_address>0x800027a8</run_address>
         <size>0x4</size>
         <input_file_ref idref="fl-e2"/>
      </object_component>
      <object_component id="oc-97">
         <name>.text</name>
         <load_address>0x800027ac</load_address>
         <run_address>0x800027ac</run_address>
         <size>0x4</size>
         <input_file_ref idref="fl-ec"/>
      </object_component>
      <object_component id="oc-1aa">
         <name>.tramp.UARTConsoleGetc.1</name>
         <load_address>0x800027b0</load_address>
         <run_address>0x800027b0</run_address>
         <size>0x8</size>
         <input_file_ref idref="fl-f1"/>
      </object_component>
      <object_component id="oc-1a9">
         <name>.tramp.UARTConsolePutc.1</name>
         <load_address>0x800027b8</load_address>
         <run_address>0x800027b8</run_address>
         <size>0x8</size>
         <input_file_ref idref="fl-f1"/>
      </object_component>
      <object_component id="oc-1a8">
         <name>.tramp.UARTConsoleInit.1</name>
         <load_address>0x800027c0</load_address>
         <run_address>0x800027c0</run_address>
         <size>0x8</size>
         <input_file_ref idref="fl-f1"/>
      </object_component>
      <object_component id="oc-2f">
         <name>.stack</name>
         <uninitialized>true</uninitialized>
         <run_address>0x800027c8</run_address>
         <size>0x0</size>
         <input_file_ref idref="fl-d7"/>
      </object_component>
      <object_component id="oc-1a7">
         <name>.stack</name>
         <uninitialized>true</uninitialized>
         <run_address>0x800027c8</run_address>
         <size>0x0</size>
      </object_component>
      <object_component id="oc-123">
         <name>.bss:fnRAMVectors</name>
         <uninitialized>true</uninitialized>
         <run_address>0x80002fc8</run_address>
         <size>0x194</size>
         <input_file_ref idref="fl-ed"/>
      </object_component>
      <object_component id="oc-151">
         <name>.const:.string</name>
         <load_address>0x80003188</load_address>
         <run_address>0x80003188</run_address>
         <size>0x14</size>
         <input_file_ref idref="fl-ef"/>
      </object_component>
      <object_component id="oc-10b">
         <name>.const</name>
         <load_address>0x8000319c</load_address>
         <run_address>0x8000319c</run_address>
         <size>0x4</size>
         <input_file_ref idref="fl-ef"/>
      </object_component>
      <object_component id="oc-dc">
         <name>.data:cntArr</name>
         <load_address>0x80003168</load_address>
         <run_address>0x80003168</run_address>
         <size>0x9</size>
         <input_file_ref idref="fl-2"/>
      </object_component>
      <object_component id="oc-d9">
         <name>.data</name>
         <load_address>0x8000317c</load_address>
         <run_address>0x8000317c</run_address>
         <size>0x8</size>
         <input_file_ref idref="fl-2"/>
      </object_component>
      <object_component id="oc-a7">
         <name>.data:$O1$$</name>
         <load_address>0x8000315c</load_address>
         <run_address>0x8000315c</run_address>
         <size>0xc</size>
         <input_file_ref idref="fl-db"/>
      </object_component>
      <object_component id="oc-73">
         <name>.data</name>
         <load_address>0x80003184</load_address>
         <run_address>0x80003184</run_address>
         <size>0x4</size>
         <input_file_ref idref="fl-e4"/>
      </object_component>
      <object_component id="oc-aa">
         <name>.data:$O1$$</name>
         <load_address>0x80003174</load_address>
         <run_address>0x80003174</run_address>
         <size>0x8</size>
         <input_file_ref idref="fl-e6"/>
      </object_component>
      <object_component id="oc-1a6">
         <name>.cinit..data.load</name>
         <load_address>0x800031a0</load_address>
         <run_address>0x800031a0</run_address>
         <size>0x24</size>
      </object_component>
      <object_component id="oc-1a5">
         <name>.cinit..bss.load</name>
         <load_address>0x800031c8</load_address>
         <run_address>0x800031c8</run_address>
         <size>0xb</size>
      </object_component>
      <object_component id="oc-1a3">
         <name>__TI_handler_table</name>
         <load_address>0x800031d4</load_address>
         <run_address>0x800031d4</run_address>
         <size>0x8</size>
      </object_component>
      <object_component id="oc-1a4">
         <name>__TI_cinit_table</name>
         <load_address>0x800031dc</load_address>
         <run_address>0x800031dc</run_address>
         <size>0x10</size>
      </object_component>
      <object_component id="oc-12f">
         <name>.debug_info</name>
         <load_address>0x0</load_address>
         <run_address>0x0</run_address>
         <size>0x4a6</size>
         <input_file_ref idref="fl-2"/>
      </object_component>
      <object_component id="oc-dd">
         <name>.debug_info</name>
         <load_address>0x4a6</load_address>
         <run_address>0x4a6</run_address>
         <size>0xd9</size>
         <input_file_ref idref="fl-2"/>
      </object_component>
      <object_component id="oc-da">
         <name>.debug_info</name>
         <load_address>0x57f</load_address>
         <run_address>0x57f</run_address>
         <size>0xfd</size>
         <input_file_ref idref="fl-2"/>
      </object_component>
      <object_component id="oc-a0">
         <name>.debug_info</name>
         <load_address>0x67c</load_address>
         <run_address>0x67c</run_address>
         <size>0x3ee</size>
         <input_file_ref idref="fl-2"/>
      </object_component>
      <object_component id="oc-7f">
         <name>.debug_info</name>
         <load_address>0xa6a</load_address>
         <run_address>0xa6a</run_address>
         <size>0x84</size>
         <input_file_ref idref="fl-2"/>
      </object_component>
      <object_component id="oc-15e">
         <name>.debug_info</name>
         <load_address>0xaee</load_address>
         <run_address>0xaee</run_address>
         <size>0x16e</size>
         <input_file_ref idref="fl-2"/>
      </object_component>
      <object_component id="oc-2b">
         <name>.debug_info</name>
         <load_address>0xc5c</load_address>
         <run_address>0xc5c</run_address>
         <size>0x17c</size>
         <input_file_ref idref="fl-d7"/>
      </object_component>
      <object_component id="oc-3b">
         <name>.debug_info</name>
         <load_address>0xdd8</load_address>
         <run_address>0xdd8</run_address>
         <size>0x15c</size>
         <input_file_ref idref="fl-d8"/>
      </object_component>
      <object_component id="oc-1b">
         <name>.debug_info</name>
         <load_address>0xf34</load_address>
         <run_address>0xf34</run_address>
         <size>0x1fb</size>
         <input_file_ref idref="fl-d8"/>
      </object_component>
      <object_component id="oc-36">
         <name>.debug_info</name>
         <load_address>0x112f</load_address>
         <run_address>0x112f</run_address>
         <size>0x46</size>
         <input_file_ref idref="fl-d8"/>
      </object_component>
      <object_component id="oc-78">
         <name>.debug_info</name>
         <load_address>0x1175</load_address>
         <run_address>0x1175</run_address>
         <size>0x2c</size>
         <input_file_ref idref="fl-d8"/>
      </object_component>
      <object_component id="oc-43">
         <name>.debug_info</name>
         <load_address>0x11a1</load_address>
         <run_address>0x11a1</run_address>
         <size>0x150</size>
         <input_file_ref idref="fl-d9"/>
      </object_component>
      <object_component id="oc-3d">
         <name>.debug_info</name>
         <load_address>0x12f1</load_address>
         <run_address>0x12f1</run_address>
         <size>0x263</size>
         <input_file_ref idref="fl-d9"/>
      </object_component>
      <object_component id="oc-1f">
         <name>.debug_info</name>
         <load_address>0x1554</load_address>
         <run_address>0x1554</run_address>
         <size>0x1cd</size>
         <input_file_ref idref="fl-d9"/>
      </object_component>
      <object_component id="oc-44">
         <name>.debug_info</name>
         <load_address>0x1721</load_address>
         <run_address>0x1721</run_address>
         <size>0x39</size>
         <input_file_ref idref="fl-d9"/>
      </object_component>
      <object_component id="oc-87">
         <name>.debug_info</name>
         <load_address>0x175a</load_address>
         <run_address>0x175a</run_address>
         <size>0x2c</size>
         <input_file_ref idref="fl-d9"/>
      </object_component>
      <object_component id="oc-ae">
         <name>.debug_info</name>
         <load_address>0x1786</load_address>
         <run_address>0x1786</run_address>
         <size>0x250</size>
         <input_file_ref idref="fl-db"/>
      </object_component>
      <object_component id="oc-a8">
         <name>.debug_info</name>
         <load_address>0x19d6</load_address>
         <run_address>0x19d6</run_address>
         <size>0x1a1</size>
         <input_file_ref idref="fl-db"/>
      </object_component>
      <object_component id="oc-71">
         <name>.debug_info</name>
         <load_address>0x1b77</load_address>
         <run_address>0x1b77</run_address>
         <size>0x230</size>
         <input_file_ref idref="fl-db"/>
      </object_component>
      <object_component id="oc-33">
         <name>.debug_info</name>
         <load_address>0x1da7</load_address>
         <run_address>0x1da7</run_address>
         <size>0x198</size>
         <input_file_ref idref="fl-e0"/>
      </object_component>
      <object_component id="oc-4b">
         <name>.debug_info</name>
         <load_address>0x1f3f</load_address>
         <run_address>0x1f3f</run_address>
         <size>0x160</size>
         <input_file_ref idref="fl-e1"/>
      </object_component>
      <object_component id="oc-59">
         <name>.debug_info</name>
         <load_address>0x209f</load_address>
         <run_address>0x209f</run_address>
         <size>0x154</size>
         <input_file_ref idref="fl-e2"/>
      </object_component>
      <object_component id="oc-5e">
         <name>.debug_info</name>
         <load_address>0x21f3</load_address>
         <run_address>0x21f3</run_address>
         <size>0x164</size>
         <input_file_ref idref="fl-e3"/>
      </object_component>
      <object_component id="oc-74">
         <name>.debug_info</name>
         <load_address>0x2357</load_address>
         <run_address>0x2357</run_address>
         <size>0x125</size>
         <input_file_ref idref="fl-e4"/>
      </object_component>
      <object_component id="oc-105">
         <name>.debug_info</name>
         <load_address>0x247c</load_address>
         <run_address>0x247c</run_address>
         <size>0x15c</size>
         <input_file_ref idref="fl-e5"/>
      </object_component>
      <object_component id="oc-f1">
         <name>.debug_info</name>
         <load_address>0x25d8</load_address>
         <run_address>0x25d8</run_address>
         <size>0x140</size>
         <input_file_ref idref="fl-e6"/>
      </object_component>
      <object_component id="oc-ab">
         <name>.debug_info</name>
         <load_address>0x2718</load_address>
         <run_address>0x2718</run_address>
         <size>0x12f</size>
         <input_file_ref idref="fl-e6"/>
      </object_component>
      <object_component id="oc-eb">
         <name>.debug_info</name>
         <load_address>0x2847</load_address>
         <run_address>0x2847</run_address>
         <size>0x23b</size>
         <input_file_ref idref="fl-e6"/>
      </object_component>
      <object_component id="oc-a6">
         <name>.debug_info</name>
         <load_address>0x2a82</load_address>
         <run_address>0x2a82</run_address>
         <size>0x182</size>
         <input_file_ref idref="fl-e7"/>
      </object_component>
      <object_component id="oc-68">
         <name>.debug_info</name>
         <load_address>0x2c04</load_address>
         <run_address>0x2c04</run_address>
         <size>0x183</size>
         <input_file_ref idref="fl-e7"/>
      </object_component>
      <object_component id="oc-e2">
         <name>.debug_info</name>
         <load_address>0x2d87</load_address>
         <run_address>0x2d87</run_address>
         <size>0x5e</size>
         <input_file_ref idref="fl-e7"/>
      </object_component>
      <object_component id="oc-9e">
         <name>.debug_info</name>
         <load_address>0x2de5</load_address>
         <run_address>0x2de5</run_address>
         <size>0x305</size>
         <input_file_ref idref="fl-e8"/>
      </object_component>
      <object_component id="oc-62">
         <name>.debug_info</name>
         <load_address>0x30ea</load_address>
         <run_address>0x30ea</run_address>
         <size>0x1e6</size>
         <input_file_ref idref="fl-e8"/>
      </object_component>
      <object_component id="oc-b7">
         <name>.debug_info</name>
         <load_address>0x32d0</load_address>
         <run_address>0x32d0</run_address>
         <size>0x39</size>
         <input_file_ref idref="fl-e8"/>
      </object_component>
      <object_component id="oc-bc">
         <name>.debug_info</name>
         <load_address>0x3309</load_address>
         <run_address>0x3309</run_address>
         <size>0xcd</size>
         <input_file_ref idref="fl-e8"/>
      </object_component>
      <object_component id="oc-b3">
         <name>.debug_info</name>
         <load_address>0x33d6</load_address>
         <run_address>0x33d6</run_address>
         <size>0x1fc</size>
         <input_file_ref idref="fl-e9"/>
      </object_component>
      <object_component id="oc-92">
         <name>.debug_info</name>
         <load_address>0x35d2</load_address>
         <run_address>0x35d2</run_address>
         <size>0x19f</size>
         <input_file_ref idref="fl-e9"/>
      </object_component>
      <object_component id="oc-f7">
         <name>.debug_info</name>
         <load_address>0x3771</load_address>
         <run_address>0x3771</run_address>
         <size>0x2c</size>
         <input_file_ref idref="fl-e9"/>
      </object_component>
      <object_component id="oc-14b">
         <name>.debug_info</name>
         <load_address>0x379d</load_address>
         <run_address>0x379d</run_address>
         <size>0x163</size>
         <input_file_ref idref="fl-eb"/>
      </object_component>
      <object_component id="oc-99">
         <name>.debug_info</name>
         <load_address>0x3900</load_address>
         <run_address>0x3900</run_address>
         <size>0x161</size>
         <input_file_ref idref="fl-ec"/>
      </object_component>
      <object_component id="oc-12c">
         <name>.debug_info</name>
         <load_address>0x3a61</load_address>
         <run_address>0x3a61</run_address>
         <size>0x1d8</size>
         <input_file_ref idref="fl-ed"/>
      </object_component>
      <object_component id="oc-124">
         <name>.debug_info</name>
         <load_address>0x3c39</load_address>
         <run_address>0x3c39</run_address>
         <size>0x162</size>
         <input_file_ref idref="fl-ed"/>
      </object_component>
      <object_component id="oc-d7">
         <name>.debug_info</name>
         <load_address>0x3d9b</load_address>
         <run_address>0x3d9b</run_address>
         <size>0x1f55</size>
         <input_file_ref idref="fl-ed"/>
      </object_component>
      <object_component id="oc-127">
         <name>.debug_info</name>
         <load_address>0x5cf0</load_address>
         <run_address>0x5cf0</run_address>
         <size>0x89</size>
         <input_file_ref idref="fl-ed"/>
      </object_component>
      <object_component id="oc-ce">
         <name>.debug_info</name>
         <load_address>0x5d79</load_address>
         <run_address>0x5d79</run_address>
         <size>0x78e</size>
         <input_file_ref idref="fl-ee"/>
      </object_component>
      <object_component id="oc-114">
         <name>.debug_info</name>
         <load_address>0x6507</load_address>
         <run_address>0x6507</run_address>
         <size>0x202</size>
         <input_file_ref idref="fl-ef"/>
      </object_component>
      <object_component id="oc-10c">
         <name>.debug_info</name>
         <load_address>0x6709</load_address>
         <run_address>0x6709</run_address>
         <size>0x130</size>
         <input_file_ref idref="fl-ef"/>
      </object_component>
      <object_component id="oc-c2">
         <name>.debug_info</name>
         <load_address>0x6839</load_address>
         <run_address>0x6839</run_address>
         <size>0x1fb7</size>
         <input_file_ref idref="fl-ef"/>
      </object_component>
      <object_component id="oc-10f">
         <name>.debug_info</name>
         <load_address>0x87f0</load_address>
         <run_address>0x87f0</run_address>
         <size>0x90</size>
         <input_file_ref idref="fl-ef"/>
      </object_component>
      <object_component id="oc-115">
         <name>.debug_info</name>
         <load_address>0x8880</load_address>
         <run_address>0x8880</run_address>
         <size>0x4e</size>
         <input_file_ref idref="fl-ef"/>
      </object_component>
      <object_component id="oc-120">
         <name>.debug_info</name>
         <load_address>0x88ce</load_address>
         <run_address>0x88ce</run_address>
         <size>0x126</size>
         <input_file_ref idref="fl-f0"/>
      </object_component>
      <object_component id="oc-c8">
         <name>.debug_info</name>
         <load_address>0x89f4</load_address>
         <run_address>0x89f4</run_address>
         <size>0x2c52</size>
         <input_file_ref idref="fl-f0"/>
      </object_component>
      <object_component id="oc-11b">
         <name>.debug_info</name>
         <load_address>0xb646</load_address>
         <run_address>0xb646</run_address>
         <size>0x89</size>
         <input_file_ref idref="fl-f0"/>
      </object_component>
      <object_component id="oc-102">
         <name>.debug_info</name>
         <load_address>0xb6cf</load_address>
         <run_address>0xb6cf</run_address>
         <size>0x10c</size>
         <input_file_ref idref="fl-f1"/>
      </object_component>
      <object_component id="oc-13f">
         <name>.debug_info</name>
         <load_address>0xb7db</load_address>
         <run_address>0xb7db</run_address>
         <size>0x80</size>
         <input_file_ref idref="fl-f2"/>
      </object_component>
      <object_component id="oc-168">
         <name>.debug_info</name>
         <load_address>0xb85b</load_address>
         <run_address>0xb85b</run_address>
         <size>0x12c</size>
         <input_file_ref idref="fl-f3"/>
      </object_component>
      <object_component id="oc-143">
         <name>.debug_info</name>
         <load_address>0xb987</load_address>
         <run_address>0xb987</run_address>
         <size>0x2131</size>
         <input_file_ref idref="fl-f3"/>
      </object_component>
      <object_component id="oc-164">
         <name>.debug_info</name>
         <load_address>0xdab8</load_address>
         <run_address>0xdab8</run_address>
         <size>0x124</size>
         <input_file_ref idref="fl-f4"/>
      </object_component>
      <object_component id="oc-136">
         <name>.debug_info</name>
         <load_address>0xdbdc</load_address>
         <run_address>0xdbdc</run_address>
         <size>0x4ef</size>
         <input_file_ref idref="fl-f4"/>
      </object_component>
      <object_component id="oc-1b2">
         <name>.debug_info</name>
         <load_address>0xe0cb</load_address>
         <run_address>0xe0cb</run_address>
         <size>0x395</size>
      </object_component>
      <object_component id="oc-15d">
         <name>.debug_line</name>
         <load_address>0x0</load_address>
         <run_address>0x0</run_address>
         <size>0xf3</size>
         <input_file_ref idref="fl-2"/>
      </object_component>
      <object_component id="oc-131">
         <name>.debug_line</name>
         <load_address>0xf3</load_address>
         <run_address>0xf3</run_address>
         <size>0x31</size>
         <input_file_ref idref="fl-2"/>
      </object_component>
      <object_component id="oc-12e">
         <name>.debug_line</name>
         <load_address>0x124</load_address>
         <run_address>0x124</run_address>
         <size>0x31</size>
         <input_file_ref idref="fl-2"/>
      </object_component>
      <object_component id="oc-a3">
         <name>.debug_line</name>
         <load_address>0x155</load_address>
         <run_address>0x155</run_address>
         <size>0xbe</size>
         <input_file_ref idref="fl-2"/>
      </object_component>
      <object_component id="oc-82">
         <name>.debug_line</name>
         <load_address>0x213</load_address>
         <run_address>0x213</run_address>
         <size>0x20</size>
         <input_file_ref idref="fl-2"/>
      </object_component>
      <object_component id="oc-161">
         <name>.debug_line</name>
         <load_address>0x233</load_address>
         <run_address>0x233</run_address>
         <size>0x67</size>
         <input_file_ref idref="fl-2"/>
      </object_component>
      <object_component id="oc-2e">
         <name>.debug_line</name>
         <load_address>0x29a</load_address>
         <run_address>0x29a</run_address>
         <size>0x4c</size>
         <input_file_ref idref="fl-d7"/>
      </object_component>
      <object_component id="oc-7e">
         <name>.debug_line</name>
         <load_address>0x2e6</load_address>
         <run_address>0x2e6</run_address>
         <size>0xa5</size>
         <input_file_ref idref="fl-d8"/>
      </object_component>
      <object_component id="oc-1a">
         <name>.debug_line</name>
         <load_address>0x38b</load_address>
         <run_address>0x38b</run_address>
         <size>0x52</size>
         <input_file_ref idref="fl-d8"/>
      </object_component>
      <object_component id="oc-39">
         <name>.debug_line</name>
         <load_address>0x3dd</load_address>
         <run_address>0x3dd</run_address>
         <size>0x3a</size>
         <input_file_ref idref="fl-d8"/>
      </object_component>
      <object_component id="oc-7b">
         <name>.debug_line</name>
         <load_address>0x417</load_address>
         <run_address>0x417</run_address>
         <size>0xa5</size>
         <input_file_ref idref="fl-d8"/>
      </object_component>
      <object_component id="oc-86">
         <name>.debug_line</name>
         <load_address>0x4bc</load_address>
         <run_address>0x4bc</run_address>
         <size>0xa5</size>
         <input_file_ref idref="fl-d9"/>
      </object_component>
      <object_component id="oc-40">
         <name>.debug_line</name>
         <load_address>0x561</load_address>
         <run_address>0x561</run_address>
         <size>0x92</size>
         <input_file_ref idref="fl-d9"/>
      </object_component>
      <object_component id="oc-22">
         <name>.debug_line</name>
         <load_address>0x5f3</load_address>
         <run_address>0x5f3</run_address>
         <size>0x4b</size>
         <input_file_ref idref="fl-d9"/>
      </object_component>
      <object_component id="oc-47">
         <name>.debug_line</name>
         <load_address>0x63e</load_address>
         <run_address>0x63e</run_address>
         <size>0x39</size>
         <input_file_ref idref="fl-d9"/>
      </object_component>
      <object_component id="oc-8a">
         <name>.debug_line</name>
         <load_address>0x677</load_address>
         <run_address>0x677</run_address>
         <size>0xa5</size>
         <input_file_ref idref="fl-d9"/>
      </object_component>
      <object_component id="oc-f4">
         <name>.debug_line</name>
         <load_address>0x71c</load_address>
         <run_address>0x71c</run_address>
         <size>0x128</size>
         <input_file_ref idref="fl-db"/>
      </object_component>
      <object_component id="oc-e8">
         <name>.debug_line</name>
         <load_address>0x844</load_address>
         <run_address>0x844</run_address>
         <size>0x2a</size>
         <input_file_ref idref="fl-db"/>
      </object_component>
      <object_component id="oc-6e">
         <name>.debug_line</name>
         <load_address>0x86e</load_address>
         <run_address>0x86e</run_address>
         <size>0x86</size>
         <input_file_ref idref="fl-db"/>
      </object_component>
      <object_component id="oc-32">
         <name>.debug_line</name>
         <load_address>0x8f4</load_address>
         <run_address>0x8f4</run_address>
         <size>0x9a</size>
         <input_file_ref idref="fl-e0"/>
      </object_component>
      <object_component id="oc-4d">
         <name>.debug_line</name>
         <load_address>0x98e</load_address>
         <run_address>0x98e</run_address>
         <size>0x73</size>
         <input_file_ref idref="fl-e1"/>
      </object_component>
      <object_component id="oc-58">
         <name>.debug_line</name>
         <load_address>0xa01</load_address>
         <run_address>0xa01</run_address>
         <size>0x3d</size>
         <input_file_ref idref="fl-e2"/>
      </object_component>
      <object_component id="oc-60">
         <name>.debug_line</name>
         <load_address>0xa3e</load_address>
         <run_address>0xa3e</run_address>
         <size>0x40</size>
         <input_file_ref idref="fl-e3"/>
      </object_component>
      <object_component id="oc-b1">
         <name>.debug_line</name>
         <load_address>0xa7e</load_address>
         <run_address>0xa7e</run_address>
         <size>0x33</size>
         <input_file_ref idref="fl-e4"/>
      </object_component>
      <object_component id="oc-108">
         <name>.debug_line</name>
         <load_address>0xab1</load_address>
         <run_address>0xab1</run_address>
         <size>0x75</size>
         <input_file_ref idref="fl-e5"/>
      </object_component>
      <object_component id="oc-134">
         <name>.debug_line</name>
         <load_address>0xb26</load_address>
         <run_address>0xb26</run_address>
         <size>0x20</size>
         <input_file_ref idref="fl-e6"/>
      </object_component>
      <object_component id="oc-f0">
         <name>.debug_line</name>
         <load_address>0xb46</load_address>
         <run_address>0xb46</run_address>
         <size>0x2b</size>
         <input_file_ref idref="fl-e6"/>
      </object_component>
      <object_component id="oc-ea">
         <name>.debug_line</name>
         <load_address>0xb71</load_address>
         <run_address>0xb71</run_address>
         <size>0x64</size>
         <input_file_ref idref="fl-e6"/>
      </object_component>
      <object_component id="oc-e1">
         <name>.debug_line</name>
         <load_address>0xbd5</load_address>
         <run_address>0xbd5</run_address>
         <size>0x2b</size>
         <input_file_ref idref="fl-e7"/>
      </object_component>
      <object_component id="oc-6b">
         <name>.debug_line</name>
         <load_address>0xc00</load_address>
         <run_address>0xc00</run_address>
         <size>0x50</size>
         <input_file_ref idref="fl-e7"/>
      </object_component>
      <object_component id="oc-e5">
         <name>.debug_line</name>
         <load_address>0xc50</load_address>
         <run_address>0xc50</run_address>
         <size>0x2b</size>
         <input_file_ref idref="fl-e7"/>
      </object_component>
      <object_component id="oc-b6">
         <name>.debug_line</name>
         <load_address>0xc7b</load_address>
         <run_address>0xc7b</run_address>
         <size>0xc4</size>
         <input_file_ref idref="fl-e8"/>
      </object_component>
      <object_component id="oc-65">
         <name>.debug_line</name>
         <load_address>0xd3f</load_address>
         <run_address>0xd3f</run_address>
         <size>0x8c</size>
         <input_file_ref idref="fl-e8"/>
      </object_component>
      <object_component id="oc-ba">
         <name>.debug_line</name>
         <load_address>0xdcb</load_address>
         <run_address>0xdcb</run_address>
         <size>0x2e</size>
         <input_file_ref idref="fl-e8"/>
      </object_component>
      <object_component id="oc-bf">
         <name>.debug_line</name>
         <load_address>0xdf9</load_address>
         <run_address>0xdf9</run_address>
         <size>0xa6</size>
         <input_file_ref idref="fl-e8"/>
      </object_component>
      <object_component id="oc-f6">
         <name>.debug_line</name>
         <load_address>0xe9f</load_address>
         <run_address>0xe9f</run_address>
         <size>0xb3</size>
         <input_file_ref idref="fl-e9"/>
      </object_component>
      <object_component id="oc-95">
         <name>.debug_line</name>
         <load_address>0xf52</load_address>
         <run_address>0xf52</run_address>
         <size>0x68</size>
         <input_file_ref idref="fl-e9"/>
      </object_component>
      <object_component id="oc-fa">
         <name>.debug_line</name>
         <load_address>0xfba</load_address>
         <run_address>0xfba</run_address>
         <size>0x2e</size>
         <input_file_ref idref="fl-e9"/>
      </object_component>
      <object_component id="oc-14e">
         <name>.debug_line</name>
         <load_address>0xfe8</load_address>
         <run_address>0xfe8</run_address>
         <size>0x3b</size>
         <input_file_ref idref="fl-eb"/>
      </object_component>
      <object_component id="oc-9b">
         <name>.debug_line</name>
         <load_address>0x1023</load_address>
         <run_address>0x1023</run_address>
         <size>0x3c</size>
         <input_file_ref idref="fl-ec"/>
      </object_component>
      <object_component id="oc-15b">
         <name>.debug_line</name>
         <load_address>0x105f</load_address>
         <run_address>0x105f</run_address>
         <size>0x49</size>
         <input_file_ref idref="fl-ed"/>
      </object_component>
      <object_component id="oc-159">
         <name>.debug_line</name>
         <load_address>0x10a8</load_address>
         <run_address>0x10a8</run_address>
         <size>0x86</size>
         <input_file_ref idref="fl-ed"/>
      </object_component>
      <object_component id="oc-d6">
         <name>.debug_line</name>
         <load_address>0x112e</load_address>
         <run_address>0x112e</run_address>
         <size>0x341</size>
         <input_file_ref idref="fl-ed"/>
      </object_component>
      <object_component id="oc-12a">
         <name>.debug_line</name>
         <load_address>0x146f</load_address>
         <run_address>0x146f</run_address>
         <size>0x20</size>
         <input_file_ref idref="fl-ed"/>
      </object_component>
      <object_component id="oc-d1">
         <name>.debug_line</name>
         <load_address>0x148f</load_address>
         <run_address>0x148f</run_address>
         <size>0x12f</size>
         <input_file_ref idref="fl-ee"/>
      </object_component>
      <object_component id="oc-155">
         <name>.debug_line</name>
         <load_address>0x15be</load_address>
         <run_address>0x15be</run_address>
         <size>0x6f</size>
         <input_file_ref idref="fl-ef"/>
      </object_component>
      <object_component id="oc-153">
         <name>.debug_line</name>
         <load_address>0x162d</load_address>
         <run_address>0x162d</run_address>
         <size>0x6f</size>
         <input_file_ref idref="fl-ef"/>
      </object_component>
      <object_component id="oc-c5">
         <name>.debug_line</name>
         <load_address>0x169c</load_address>
         <run_address>0x169c</run_address>
         <size>0x409</size>
         <input_file_ref idref="fl-ef"/>
      </object_component>
      <object_component id="oc-112">
         <name>.debug_line</name>
         <load_address>0x1aa5</load_address>
         <run_address>0x1aa5</run_address>
         <size>0x20</size>
         <input_file_ref idref="fl-ef"/>
      </object_component>
      <object_component id="oc-118">
         <name>.debug_line</name>
         <load_address>0x1ac5</load_address>
         <run_address>0x1ac5</run_address>
         <size>0x68</size>
         <input_file_ref idref="fl-ef"/>
      </object_component>
      <object_component id="oc-157">
         <name>.debug_line</name>
         <load_address>0x1b2d</load_address>
         <run_address>0x1b2d</run_address>
         <size>0x20</size>
         <input_file_ref idref="fl-f0"/>
      </object_component>
      <object_component id="oc-cb">
         <name>.debug_line</name>
         <load_address>0x1b4d</load_address>
         <run_address>0x1b4d</run_address>
         <size>0x445</size>
         <input_file_ref idref="fl-f0"/>
      </object_component>
      <object_component id="oc-11e">
         <name>.debug_line</name>
         <load_address>0x1f92</load_address>
         <run_address>0x1f92</run_address>
         <size>0x20</size>
         <input_file_ref idref="fl-f0"/>
      </object_component>
      <object_component id="oc-101">
         <name>.debug_line</name>
         <load_address>0x1fb2</load_address>
         <run_address>0x1fb2</run_address>
         <size>0xae</size>
         <input_file_ref idref="fl-f1"/>
      </object_component>
      <object_component id="oc-13e">
         <name>.debug_line</name>
         <load_address>0x2060</load_address>
         <run_address>0x2060</run_address>
         <size>0x81</size>
         <input_file_ref idref="fl-f2"/>
      </object_component>
      <object_component id="oc-16d">
         <name>.debug_line</name>
         <load_address>0x20e1</load_address>
         <run_address>0x20e1</run_address>
         <size>0x20</size>
         <input_file_ref idref="fl-f3"/>
      </object_component>
      <object_component id="oc-146">
         <name>.debug_line</name>
         <load_address>0x2101</load_address>
         <run_address>0x2101</run_address>
         <size>0x39f</size>
         <input_file_ref idref="fl-f3"/>
      </object_component>
      <object_component id="oc-16b">
         <name>.debug_line</name>
         <load_address>0x24a0</load_address>
         <run_address>0x24a0</run_address>
         <size>0x20</size>
         <input_file_ref idref="fl-f4"/>
      </object_component>
      <object_component id="oc-139">
         <name>.debug_line</name>
         <load_address>0x24c0</load_address>
         <run_address>0x24c0</run_address>
         <size>0xbe</size>
         <input_file_ref idref="fl-f4"/>
      </object_component>
      <object_component id="oc-a4">
         <name>.debug_frame</name>
         <load_address>0x0</load_address>
         <run_address>0x0</run_address>
         <size>0x8e</size>
         <input_file_ref idref="fl-2"/>
      </object_component>
      <object_component id="oc-19">
         <name>.debug_frame</name>
         <load_address>0x8e</load_address>
         <run_address>0x8e</run_address>
         <size>0x3f</size>
         <input_file_ref idref="fl-d8"/>
      </object_component>
      <object_component id="oc-41">
         <name>.debug_frame</name>
         <load_address>0xcd</load_address>
         <run_address>0xcd</run_address>
         <size>0x4e</size>
         <input_file_ref idref="fl-d9"/>
      </object_component>
      <object_component id="oc-23">
         <name>.debug_frame</name>
         <load_address>0x11b</load_address>
         <run_address>0x11b</run_address>
         <size>0x3f</size>
         <input_file_ref idref="fl-d9"/>
      </object_component>
      <object_component id="oc-6f">
         <name>.debug_frame</name>
         <load_address>0x15a</load_address>
         <run_address>0x15a</run_address>
         <size>0x73</size>
         <input_file_ref idref="fl-db"/>
      </object_component>
      <object_component id="oc-57">
         <name>.debug_frame</name>
         <load_address>0x1cd</load_address>
         <run_address>0x1cd</run_address>
         <size>0x3f</size>
         <input_file_ref idref="fl-e2"/>
      </object_component>
      <object_component id="oc-5d">
         <name>.debug_frame</name>
         <load_address>0x20c</load_address>
         <run_address>0x20c</run_address>
         <size>0x3f</size>
         <input_file_ref idref="fl-e3"/>
      </object_component>
      <object_component id="oc-ee">
         <name>.debug_frame</name>
         <load_address>0x24b</load_address>
         <run_address>0x24b</run_address>
         <size>0x61</size>
         <input_file_ref idref="fl-e6"/>
      </object_component>
      <object_component id="oc-6c">
         <name>.debug_frame</name>
         <load_address>0x2ac</load_address>
         <run_address>0x2ac</run_address>
         <size>0x3f</size>
         <input_file_ref idref="fl-e7"/>
      </object_component>
      <object_component id="oc-66">
         <name>.debug_frame</name>
         <load_address>0x2eb</load_address>
         <run_address>0x2eb</run_address>
         <size>0x4e</size>
         <input_file_ref idref="fl-e8"/>
      </object_component>
      <object_component id="oc-96">
         <name>.debug_frame</name>
         <load_address>0x339</load_address>
         <run_address>0x339</run_address>
         <size>0x4e</size>
         <input_file_ref idref="fl-e9"/>
      </object_component>
      <object_component id="oc-14f">
         <name>.debug_frame</name>
         <load_address>0x387</load_address>
         <run_address>0x387</run_address>
         <size>0x3f</size>
         <input_file_ref idref="fl-eb"/>
      </object_component>
      <object_component id="oc-9c">
         <name>.debug_frame</name>
         <load_address>0x3c6</load_address>
         <run_address>0x3c6</run_address>
         <size>0x3f</size>
         <input_file_ref idref="fl-ec"/>
      </object_component>
      <object_component id="oc-d5">
         <name>.debug_frame</name>
         <load_address>0x405</load_address>
         <run_address>0x405</run_address>
         <size>0x23a</size>
         <input_file_ref idref="fl-ed"/>
      </object_component>
      <object_component id="oc-d2">
         <name>.debug_frame</name>
         <load_address>0x63f</load_address>
         <run_address>0x63f</run_address>
         <size>0xa5</size>
         <input_file_ref idref="fl-ee"/>
      </object_component>
      <object_component id="oc-c6">
         <name>.debug_frame</name>
         <load_address>0x6e4</load_address>
         <run_address>0x6e4</run_address>
         <size>0x167</size>
         <input_file_ref idref="fl-ef"/>
      </object_component>
      <object_component id="oc-cc">
         <name>.debug_frame</name>
         <load_address>0x84b</load_address>
         <run_address>0x84b</run_address>
         <size>0x353</size>
         <input_file_ref idref="fl-f0"/>
      </object_component>
      <object_component id="oc-100">
         <name>.debug_frame</name>
         <load_address>0xba0</load_address>
         <run_address>0xba0</run_address>
         <size>0x5c</size>
         <input_file_ref idref="fl-f1"/>
      </object_component>
      <object_component id="oc-13d">
         <name>.debug_frame</name>
         <load_address>0xbfc</load_address>
         <run_address>0xbfc</run_address>
         <size>0x20</size>
         <input_file_ref idref="fl-f2"/>
      </object_component>
      <object_component id="oc-147">
         <name>.debug_frame</name>
         <load_address>0xc1c</load_address>
         <run_address>0xc1c</run_address>
         <size>0x28e</size>
         <input_file_ref idref="fl-f3"/>
      </object_component>
      <object_component id="oc-13a">
         <name>.debug_frame</name>
         <load_address>0xeaa</load_address>
         <run_address>0xeaa</run_address>
         <size>0x46</size>
         <input_file_ref idref="fl-f4"/>
      </object_component>
      <object_component id="oc-15c">
         <name>.debug_abbrev</name>
         <load_address>0x0</load_address>
         <run_address>0x0</run_address>
         <size>0xc8</size>
         <input_file_ref idref="fl-2"/>
      </object_component>
      <object_component id="oc-130">
         <name>.debug_abbrev</name>
         <load_address>0xc8</load_address>
         <run_address>0xc8</run_address>
         <size>0x27</size>
         <input_file_ref idref="fl-2"/>
      </object_component>
      <object_component id="oc-12d">
         <name>.debug_abbrev</name>
         <load_address>0xef</load_address>
         <run_address>0xef</run_address>
         <size>0x27</size>
         <input_file_ref idref="fl-2"/>
      </object_component>
      <object_component id="oc-df">
         <name>.debug_abbrev</name>
         <load_address>0x116</load_address>
         <run_address>0x116</run_address>
         <size>0x8b</size>
         <input_file_ref idref="fl-2"/>
      </object_component>
      <object_component id="oc-81">
         <name>.debug_abbrev</name>
         <load_address>0x1a1</load_address>
         <run_address>0x1a1</run_address>
         <size>0x1f</size>
         <input_file_ref idref="fl-2"/>
      </object_component>
      <object_component id="oc-160">
         <name>.debug_abbrev</name>
         <load_address>0x1c0</load_address>
         <run_address>0x1c0</run_address>
         <size>0x55</size>
         <input_file_ref idref="fl-2"/>
      </object_component>
      <object_component id="oc-76">
         <name>.debug_abbrev</name>
         <load_address>0x215</load_address>
         <run_address>0x215</run_address>
         <size>0x3e</size>
         <input_file_ref idref="fl-d7"/>
      </object_component>
      <object_component id="oc-7d">
         <name>.debug_abbrev</name>
         <load_address>0x253</load_address>
         <run_address>0x253</run_address>
         <size>0x52</size>
         <input_file_ref idref="fl-d8"/>
      </object_component>
      <object_component id="oc-35">
         <name>.debug_abbrev</name>
         <load_address>0x2a5</load_address>
         <run_address>0x2a5</run_address>
         <size>0x74</size>
         <input_file_ref idref="fl-d8"/>
      </object_component>
      <object_component id="oc-38">
         <name>.debug_abbrev</name>
         <load_address>0x319</load_address>
         <run_address>0x319</run_address>
         <size>0x24</size>
         <input_file_ref idref="fl-d8"/>
      </object_component>
      <object_component id="oc-7a">
         <name>.debug_abbrev</name>
         <load_address>0x33d</load_address>
         <run_address>0x33d</run_address>
         <size>0x24</size>
         <input_file_ref idref="fl-d8"/>
      </object_component>
      <object_component id="oc-85">
         <name>.debug_abbrev</name>
         <load_address>0x361</load_address>
         <run_address>0x361</run_address>
         <size>0x52</size>
         <input_file_ref idref="fl-d9"/>
      </object_component>
      <object_component id="oc-84">
         <name>.debug_abbrev</name>
         <load_address>0x3b3</load_address>
         <run_address>0x3b3</run_address>
         <size>0x7b</size>
         <input_file_ref idref="fl-d9"/>
      </object_component>
      <object_component id="oc-42">
         <name>.debug_abbrev</name>
         <load_address>0x42e</load_address>
         <run_address>0x42e</run_address>
         <size>0x66</size>
         <input_file_ref idref="fl-d9"/>
      </object_component>
      <object_component id="oc-46">
         <name>.debug_abbrev</name>
         <load_address>0x494</load_address>
         <run_address>0x494</run_address>
         <size>0x24</size>
         <input_file_ref idref="fl-d9"/>
      </object_component>
      <object_component id="oc-89">
         <name>.debug_abbrev</name>
         <load_address>0x4b8</load_address>
         <run_address>0x4b8</run_address>
         <size>0x24</size>
         <input_file_ref idref="fl-d9"/>
      </object_component>
      <object_component id="oc-f3">
         <name>.debug_abbrev</name>
         <load_address>0x4dc</load_address>
         <run_address>0x4dc</run_address>
         <size>0xa8</size>
         <input_file_ref idref="fl-db"/>
      </object_component>
      <object_component id="oc-e7">
         <name>.debug_abbrev</name>
         <load_address>0x584</load_address>
         <run_address>0x584</run_address>
         <size>0x29</size>
         <input_file_ref idref="fl-db"/>
      </object_component>
      <object_component id="oc-ad">
         <name>.debug_abbrev</name>
         <load_address>0x5ad</load_address>
         <run_address>0x5ad</run_address>
         <size>0xba</size>
         <input_file_ref idref="fl-db"/>
      </object_component>
      <object_component id="oc-77">
         <name>.debug_abbrev</name>
         <load_address>0x667</load_address>
         <run_address>0x667</run_address>
         <size>0x4c</size>
         <input_file_ref idref="fl-e0"/>
      </object_component>
      <object_component id="oc-8c">
         <name>.debug_abbrev</name>
         <load_address>0x6b3</load_address>
         <run_address>0x6b3</run_address>
         <size>0x51</size>
         <input_file_ref idref="fl-e1"/>
      </object_component>
      <object_component id="oc-8f">
         <name>.debug_abbrev</name>
         <load_address>0x704</load_address>
         <run_address>0x704</run_address>
         <size>0x53</size>
         <input_file_ref idref="fl-e2"/>
      </object_component>
      <object_component id="oc-90">
         <name>.debug_abbrev</name>
         <load_address>0x757</load_address>
         <run_address>0x757</run_address>
         <size>0x55</size>
         <input_file_ref idref="fl-e3"/>
      </object_component>
      <object_component id="oc-b0">
         <name>.debug_abbrev</name>
         <load_address>0x7ac</load_address>
         <run_address>0x7ac</run_address>
         <size>0x27</size>
         <input_file_ref idref="fl-e4"/>
      </object_component>
      <object_component id="oc-150">
         <name>.debug_abbrev</name>
         <load_address>0x7d3</load_address>
         <run_address>0x7d3</run_address>
         <size>0x4c</size>
         <input_file_ref idref="fl-e5"/>
      </object_component>
      <object_component id="oc-133">
         <name>.debug_abbrev</name>
         <load_address>0x81f</load_address>
         <run_address>0x81f</run_address>
         <size>0x45</size>
         <input_file_ref idref="fl-e6"/>
      </object_component>
      <object_component id="oc-ef">
         <name>.debug_abbrev</name>
         <load_address>0x864</load_address>
         <run_address>0x864</run_address>
         <size>0x29</size>
         <input_file_ref idref="fl-e6"/>
      </object_component>
      <object_component id="oc-132">
         <name>.debug_abbrev</name>
         <load_address>0x88d</load_address>
         <run_address>0x88d</run_address>
         <size>0x6f</size>
         <input_file_ref idref="fl-e6"/>
      </object_component>
      <object_component id="oc-e0">
         <name>.debug_abbrev</name>
         <load_address>0x8fc</load_address>
         <run_address>0x8fc</run_address>
         <size>0x8e</size>
         <input_file_ref idref="fl-e7"/>
      </object_component>
      <object_component id="oc-a5">
         <name>.debug_abbrev</name>
         <load_address>0x98a</load_address>
         <run_address>0x98a</run_address>
         <size>0x68</size>
         <input_file_ref idref="fl-e7"/>
      </object_component>
      <object_component id="oc-e4">
         <name>.debug_abbrev</name>
         <load_address>0x9f2</load_address>
         <run_address>0x9f2</run_address>
         <size>0x49</size>
         <input_file_ref idref="fl-e7"/>
      </object_component>
      <object_component id="oc-b5">
         <name>.debug_abbrev</name>
         <load_address>0xa3b</load_address>
         <run_address>0xa3b</run_address>
         <size>0xae</size>
         <input_file_ref idref="fl-e8"/>
      </object_component>
      <object_component id="oc-9d">
         <name>.debug_abbrev</name>
         <load_address>0xae9</load_address>
         <run_address>0xae9</run_address>
         <size>0x7e</size>
         <input_file_ref idref="fl-e8"/>
      </object_component>
      <object_component id="oc-b9">
         <name>.debug_abbrev</name>
         <load_address>0xb67</load_address>
         <run_address>0xb67</run_address>
         <size>0x24</size>
         <input_file_ref idref="fl-e8"/>
      </object_component>
      <object_component id="oc-be">
         <name>.debug_abbrev</name>
         <load_address>0xb8b</load_address>
         <run_address>0xb8b</run_address>
         <size>0x4b</size>
         <input_file_ref idref="fl-e8"/>
      </object_component>
      <object_component id="oc-f5">
         <name>.debug_abbrev</name>
         <load_address>0xbd6</load_address>
         <run_address>0xbd6</run_address>
         <size>0x9c</size>
         <input_file_ref idref="fl-e9"/>
      </object_component>
      <object_component id="oc-b2">
         <name>.debug_abbrev</name>
         <load_address>0xc72</load_address>
         <run_address>0xc72</run_address>
         <size>0x8c</size>
         <input_file_ref idref="fl-e9"/>
      </object_component>
      <object_component id="oc-f9">
         <name>.debug_abbrev</name>
         <load_address>0xcfe</load_address>
         <run_address>0xcfe</run_address>
         <size>0x24</size>
         <input_file_ref idref="fl-e9"/>
      </object_component>
      <object_component id="oc-169">
         <name>.debug_abbrev</name>
         <load_address>0xd22</load_address>
         <run_address>0xd22</run_address>
         <size>0x63</size>
         <input_file_ref idref="fl-eb"/>
      </object_component>
      <object_component id="oc-b4">
         <name>.debug_abbrev</name>
         <load_address>0xd85</load_address>
         <run_address>0xd85</run_address>
         <size>0x53</size>
         <input_file_ref idref="fl-ec"/>
      </object_component>
      <object_component id="oc-15a">
         <name>.debug_abbrev</name>
         <load_address>0xdd8</load_address>
         <run_address>0xdd8</run_address>
         <size>0x68</size>
         <input_file_ref idref="fl-ed"/>
      </object_component>
      <object_component id="oc-158">
         <name>.debug_abbrev</name>
         <load_address>0xe40</load_address>
         <run_address>0xe40</run_address>
         <size>0x27</size>
         <input_file_ref idref="fl-ed"/>
      </object_component>
      <object_component id="oc-126">
         <name>.debug_abbrev</name>
         <load_address>0xe67</load_address>
         <run_address>0xe67</run_address>
         <size>0x163</size>
         <input_file_ref idref="fl-ed"/>
      </object_component>
      <object_component id="oc-129">
         <name>.debug_abbrev</name>
         <load_address>0xfca</load_address>
         <run_address>0xfca</run_address>
         <size>0x23</size>
         <input_file_ref idref="fl-ed"/>
      </object_component>
      <object_component id="oc-121">
         <name>.debug_abbrev</name>
         <load_address>0xfed</load_address>
         <run_address>0xfed</run_address>
         <size>0x50</size>
         <input_file_ref idref="fl-ee"/>
      </object_component>
      <object_component id="oc-154">
         <name>.debug_abbrev</name>
         <load_address>0x103d</load_address>
         <run_address>0x103d</run_address>
         <size>0x9e</size>
         <input_file_ref idref="fl-ef"/>
      </object_component>
      <object_component id="oc-152">
         <name>.debug_abbrev</name>
         <load_address>0x10db</load_address>
         <run_address>0x10db</run_address>
         <size>0x27</size>
         <input_file_ref idref="fl-ef"/>
      </object_component>
      <object_component id="oc-10e">
         <name>.debug_abbrev</name>
         <load_address>0x1102</load_address>
         <run_address>0x1102</run_address>
         <size>0x18a</size>
         <input_file_ref idref="fl-ef"/>
      </object_component>
      <object_component id="oc-111">
         <name>.debug_abbrev</name>
         <load_address>0x128c</load_address>
         <run_address>0x128c</run_address>
         <size>0x23</size>
         <input_file_ref idref="fl-ef"/>
      </object_component>
      <object_component id="oc-117">
         <name>.debug_abbrev</name>
         <load_address>0x12af</load_address>
         <run_address>0x12af</run_address>
         <size>0x4b</size>
         <input_file_ref idref="fl-ef"/>
      </object_component>
      <object_component id="oc-156">
         <name>.debug_abbrev</name>
         <load_address>0x12fa</load_address>
         <run_address>0x12fa</run_address>
         <size>0x23</size>
         <input_file_ref idref="fl-f0"/>
      </object_component>
      <object_component id="oc-11a">
         <name>.debug_abbrev</name>
         <load_address>0x131d</load_address>
         <run_address>0x131d</run_address>
         <size>0xc8</size>
         <input_file_ref idref="fl-f0"/>
      </object_component>
      <object_component id="oc-11d">
         <name>.debug_abbrev</name>
         <load_address>0x13e5</load_address>
         <run_address>0x13e5</run_address>
         <size>0x23</size>
         <input_file_ref idref="fl-f0"/>
      </object_component>
      <object_component id="oc-148">
         <name>.debug_abbrev</name>
         <load_address>0x1408</load_address>
         <run_address>0x1408</run_address>
         <size>0xb9</size>
         <input_file_ref idref="fl-f1"/>
      </object_component>
      <object_component id="oc-165">
         <name>.debug_abbrev</name>
         <load_address>0x14c1</load_address>
         <run_address>0x14c1</run_address>
         <size>0x54</size>
         <input_file_ref idref="fl-f2"/>
      </object_component>
      <object_component id="oc-16c">
         <name>.debug_abbrev</name>
         <load_address>0x1515</load_address>
         <run_address>0x1515</run_address>
         <size>0x1c</size>
         <input_file_ref idref="fl-f3"/>
      </object_component>
      <object_component id="oc-167">
         <name>.debug_abbrev</name>
         <load_address>0x1531</load_address>
         <run_address>0x1531</run_address>
         <size>0xf5</size>
         <input_file_ref idref="fl-f3"/>
      </object_component>
      <object_component id="oc-16a">
         <name>.debug_abbrev</name>
         <load_address>0x1626</load_address>
         <run_address>0x1626</run_address>
         <size>0x23</size>
         <input_file_ref idref="fl-f4"/>
      </object_component>
      <object_component id="oc-163">
         <name>.debug_abbrev</name>
         <load_address>0x1649</load_address>
         <run_address>0x1649</run_address>
         <size>0x8d</size>
         <input_file_ref idref="fl-f4"/>
      </object_component>
      <object_component id="oc-1b3">
         <name>.debug_abbrev</name>
         <load_address>0x16d6</load_address>
         <run_address>0x16d6</run_address>
         <size>0x23</size>
      </object_component>
      <object_component id="oc-83">
         <name>.debug_str</name>
         <load_address>0x0</load_address>
         <run_address>0x0</run_address>
         <size>0xfb</size>
         <input_file_ref idref="fl-2"/>
      </object_component>
      <object_component id="oc-162">
         <name>.debug_str</name>
         <load_address>0xfb</load_address>
         <run_address>0xfb</run_address>
         <size>0x1ea</size>
         <input_file_ref idref="fl-2"/>
      </object_component>
      <object_component id="oc-3a">
         <name>.debug_str</name>
         <load_address>0x2e5</load_address>
         <run_address>0x2e5</run_address>
         <size>0x11c</size>
         <input_file_ref idref="fl-d8"/>
      </object_component>
      <object_component id="oc-7c">
         <name>.debug_str</name>
         <load_address>0x401</load_address>
         <run_address>0x401</run_address>
         <size>0x164</size>
         <input_file_ref idref="fl-d8"/>
      </object_component>
      <object_component id="oc-48">
         <name>.debug_str</name>
         <load_address>0x565</load_address>
         <run_address>0x565</run_address>
         <size>0x10e</size>
         <input_file_ref idref="fl-d9"/>
      </object_component>
      <object_component id="oc-8b">
         <name>.debug_str</name>
         <load_address>0x673</load_address>
         <run_address>0x673</run_address>
         <size>0x164</size>
         <input_file_ref idref="fl-d9"/>
      </object_component>
      <object_component id="oc-e6">
         <name>.debug_str</name>
         <load_address>0x7d7</load_address>
         <run_address>0x7d7</run_address>
         <size>0xf2</size>
         <input_file_ref idref="fl-e7"/>
      </object_component>
      <object_component id="oc-bb">
         <name>.debug_str</name>
         <load_address>0x8c9</load_address>
         <run_address>0x8c9</run_address>
         <size>0xfe</size>
         <input_file_ref idref="fl-e8"/>
      </object_component>
      <object_component id="oc-c0">
         <name>.debug_str</name>
         <load_address>0x9c7</load_address>
         <run_address>0x9c7</run_address>
         <size>0x1bb</size>
         <input_file_ref idref="fl-e8"/>
      </object_component>
      <object_component id="oc-fb">
         <name>.debug_str</name>
         <load_address>0xb82</load_address>
         <run_address>0xb82</run_address>
         <size>0xf3</size>
         <input_file_ref idref="fl-e9"/>
      </object_component>
      <object_component id="oc-12b">
         <name>.debug_str</name>
         <load_address>0xc75</load_address>
         <run_address>0xc75</run_address>
         <size>0x160</size>
         <input_file_ref idref="fl-ed"/>
      </object_component>
      <object_component id="oc-113">
         <name>.debug_str</name>
         <load_address>0xdd5</load_address>
         <run_address>0xdd5</run_address>
         <size>0x14f</size>
         <input_file_ref idref="fl-ef"/>
      </object_component>
      <object_component id="oc-119">
         <name>.debug_str</name>
         <load_address>0xf24</load_address>
         <run_address>0xf24</run_address>
         <size>0x110</size>
         <input_file_ref idref="fl-ef"/>
      </object_component>
      <object_component id="oc-11f">
         <name>.debug_str</name>
         <load_address>0x1034</load_address>
         <run_address>0x1034</run_address>
         <size>0x15a</size>
         <input_file_ref idref="fl-f0"/>
      </object_component>
      <object_component id="oc-149">
         <name>.debug_str</name>
         <load_address>0x118e</load_address>
         <run_address>0x118e</run_address>
         <size>0x193</size>
         <input_file_ref idref="fl-f1"/>
      </object_component>
      <object_component id="oc-166">
         <name>.debug_str</name>
         <load_address>0x1321</load_address>
         <run_address>0x1321</run_address>
         <size>0x10a</size>
         <input_file_ref idref="fl-f2"/>
      </object_component>
      <object_component id="oc-a1">
         <name>.debug_aranges</name>
         <load_address>0x0</load_address>
         <run_address>0x0</run_address>
         <size>0x38</size>
         <input_file_ref idref="fl-2"/>
      </object_component>
      <object_component id="oc-2c">
         <name>.debug_aranges</name>
         <load_address>0x38</load_address>
         <run_address>0x38</run_address>
         <size>0x20</size>
         <input_file_ref idref="fl-d7"/>
      </object_component>
      <object_component id="oc-1c">
         <name>.debug_aranges</name>
         <load_address>0x58</load_address>
         <run_address>0x58</run_address>
         <size>0x20</size>
         <input_file_ref idref="fl-d8"/>
      </object_component>
      <object_component id="oc-3e">
         <name>.debug_aranges</name>
         <load_address>0x78</load_address>
         <run_address>0x78</run_address>
         <size>0x20</size>
         <input_file_ref idref="fl-d9"/>
      </object_component>
      <object_component id="oc-20">
         <name>.debug_aranges</name>
         <load_address>0x98</load_address>
         <run_address>0x98</run_address>
         <size>0x20</size>
         <input_file_ref idref="fl-d9"/>
      </object_component>
      <object_component id="oc-70">
         <name>.debug_aranges</name>
         <load_address>0xb8</load_address>
         <run_address>0xb8</run_address>
         <size>0x30</size>
[...]
      </symbol>
      <symbol id="sm-179">
         <name>_unlock</name>
         <value>0x80003178</value>
         <object_component_ref idref="oc-aa"/>
      </symbol>
      <symbol id="sm-17a">
         <name>_register_lock</name>
         <value>0x8000273c</value>
         <object_component_ref idref="oc-e9"/>
      </symbol>
      <symbol id="sm-17b">
         <name>_register_unlock</name>
         <value>0x80002730</value>
         <object_component_ref idref="oc-e9"/>
      </symbol>
      <symbol id="sm-18f">
         <name>_args_main</name>
         <value>0x80002754</value>
         <object_component_ref idref="oc-67"/>
      </symbol>
      <symbol id="sm-1b3">
         <name>__TI_auto_init</name>
         <value>0x80002420</value>
         <object_component_ref idref="oc-61"/>
      </symbol>
      <symbol id="sm-1cd">
         <name>copy_in</name>
         <value>0x800025f0</value>
         <object_component_ref idref="oc-91"/>
      </symbol>
      <symbol id="sm-1d8">
         <name>__aeabi_idiv0</name>
         <value>0x800027a4</value>
         <object_component_ref idref="oc-14a"/>
      </symbol>
      <symbol id="sm-1e2">
         <name>_system_post_cinit</name>
         <value>0x800027ac</value>
         <object_component_ref idref="oc-97"/>
      </symbol>
      <symbol id="sm-226">
         <name>IntSystemStatusEnabledGet</name>
         <value>0x80001c5c</value>
         <object_component_ref idref="oc-d3"/>
      </symbol>
      <symbol id="sm-227">
         <name>IntSystemStatusRawGet</name>
         <value>0x80001c14</value>
         <object_component_ref idref="oc-d3"/>
      </symbol>
      <symbol id="sm-228">
         <name>IntIRQEnable</name>
         <value>0x80001ca4</value>
         <object_component_ref idref="oc-d3"/>
      </symbol>
      <symbol id="sm-229">
         <name>IntUnRegister</name>
         <value>0x80001a8c</value>
         <object_component_ref idref="oc-d3"/>
      </symbol>
      <symbol id="sm-22a">
         <name>IntSystemStatusClear</name>
         <value>0x80001bcc</value>
         <object_component_ref idref="oc-d3"/>
      </symbol>
      <symbol id="sm-22b">
         <name>IntAINTCInit</name>
         <value>0x80001cf4</value>
         <object_component_ref idref="oc-d3"/>
      </symbol>
      <symbol id="sm-22c">
         <name>IntSystemDisable</name>
         <value>0x80001b84</value>
         <object_component_ref idref="oc-d3"/>
      </symbol>
      <symbol id="sm-22d">
         <name>IntEnable</name>
         <value>0x80001dd4</value>
         <object_component_ref idref="oc-d3"/>
      </symbol>
      <symbol id="sm-22e">
         <name>IntChannelSet</name>
         <value>0x80001aac</value>
         <object_component_ref idref="oc-d3"/>
      </symbol>
      <symbol id="sm-22f">
         <name>IntGlobalEnable</name>
         <value>0x80001b14</value>
         <object_component_ref idref="oc-d3"/>
      </symbol>
      <symbol id="sm-230">
         <name>IntFIQEnable</name>
         <value>0x80001ccc</value>
         <object_component_ref idref="oc-d3"/>
      </symbol>
      <symbol id="sm-231">
         <name>IntMasterStatusGet</name>
         <value>0x80001db0</value>
         <object_component_ref idref="oc-d3"/>
      </symbol>
      <symbol id="sm-232">
         <name>IntDisable</name>
         <value>0x80001dbc</value>
         <object_component_ref idref="oc-d3"/>
      </symbol>
      <symbol id="sm-233">
         <name>IntRegister</name>
         <value>0x80001a68</value>
         <object_component_ref idref="oc-d3"/>
      </symbol>
      <symbol id="sm-234">
         <name>IntSystemEnable</name>
         <value>0x80001b38</value>
         <object_component_ref idref="oc-d3"/>
      </symbol>
      <symbol id="sm-235">
         <name>IntGlobalDisable</name>
         <value>0x80001b24</value>
         <object_component_ref idref="oc-d3"/>
      </symbol>
      <symbol id="sm-236">
         <name>IntIRQDisable</name>
         <value>0x80001cb8</value>
         <object_component_ref idref="oc-d3"/>
      </symbol>
      <symbol id="sm-237">
         <name>IntMasterFIQDisable</name>
         <value>0x80001da4</value>
         <object_component_ref idref="oc-d3"/>
      </symbol>
      <symbol id="sm-238">
         <name>IntChannelGet</name>
         <value>0x80001ae4</value>
         <object_component_ref idref="oc-d3"/>
      </symbol>
      <symbol id="sm-239">
         <name>IntFIQDisable</name>
         <value>0x80001ce0</value>
         <object_component_ref idref="oc-d3"/>
      </symbol>
      <symbol id="sm-23a">
         <name>IntMasterIRQDisable</name>
         <value>0x80001d8c</value>
         <object_component_ref idref="oc-d3"/>
      </symbol>
      <symbol id="sm-23b">
         <name>IntMasterIRQEnable</name>
         <value>0x80001d80</value>
         <object_component_ref idref="oc-d3"/>
      </symbol>
      <symbol id="sm-23c">
         <name>IntMasterFIQEnable</name>
         <value>0x80001d98</value>
         <object_component_ref idref="oc-d3"/>
      </symbol>
      <symbol id="sm-24e">
         <name>CPUSwitchToPrivilegedMode</name>
         <value>0x80002678</value>
         <object_component_ref idref="oc-cd"/>
      </symbol>
      <symbol id="sm-24f">
         <name>CPUAbortHandler</name>
         <value>0x80002694</value>
         <object_component_ref idref="oc-cd"/>
      </symbol>
      <symbol id="sm-250">
         <name>CPUirqd</name>
         <value>0x80002698</value>
         <object_component_ref idref="oc-cd"/>
      </symbol>
      <symbol id="sm-251">
         <name>CPUirqe</name>
         <value>0x800026a8</value>
         <object_component_ref idref="oc-cd"/>
      </symbol>
      <symbol id="sm-252">
         <name>CPUfiqd</name>
         <value>0x800026b8</value>
         <object_component_ref idref="oc-cd"/>
      </symbol>
      <symbol id="sm-253">
         <name>CPUfiqe</name>
         <value>0x800026c8</value>
         <object_component_ref idref="oc-cd"/>
      </symbol>
      <symbol id="sm-254">
         <name>CPUSwitchToUserMode</name>
         <value>0x80002680</value>
         <object_component_ref idref="oc-cd"/>
      </symbol>
      <symbol id="sm-255">
         <name>CPUIntStatus</name>
         <value>0x80002788</value>
         <object_component_ref idref="oc-122"/>
      </symbol>
      <symbol id="sm-3a2">
         <name>UARTStdioInit</name>
         <value>0x80000000</value>
         <object_component_ref idref="oc-c1"/>
      </symbol>
      <symbol id="sm-3a3">
         <name>UARTGetHexNum</name>
         <value>0x8000045c</value>
         <object_component_ref idref="oc-c1"/>
      </symbol>
      <symbol id="sm-3a4">
         <name>UARTPutHexNum</name>
         <value>0x8000027c</value>
         <object_component_ref idref="oc-c1"/>
      </symbol>
      <symbol id="sm-3a5">
         <name>UARTGetNum</name>
         <value>0x800003a8</value>
         <object_component_ref idref="oc-c1"/>
      </symbol>
      <symbol id="sm-3a6">
         <name>UARTPutNum</name>
         <value>0x80000180</value>
         <object_component_ref idref="oc-c1"/>
      </symbol>
      <symbol id="sm-3a7">
         <name>UARTwrite</name>
         <value>0x800006d4</value>
         <object_component_ref idref="oc-c1"/>
      </symbol>
      <symbol id="sm-3a8">
         <name>UARTGetc</name>
         <value>0x800006c8</value>
         <object_component_ref idref="oc-c1"/>
      </symbol>
      <symbol id="sm-3a9">
         <name>UARTGets</name>
         <value>0x800000c4</value>
         <object_component_ref idref="oc-c1"/>
      </symbol>
      <symbol id="sm-3aa">
         <name>UARTprintf</name>
         <value>0x80000748</value>
         <object_component_ref idref="oc-c1"/>
      </symbol>
      <symbol id="sm-3ab">
         <name>UARTPutc</name>
         <value>0x800006b4</value>
         <object_component_ref idref="oc-c1"/>
      </symbol>
      <symbol id="sm-3ac">
         <name>UARTPuts</name>
         <value>0x8000000c</value>
         <object_component_ref idref="oc-c1"/>
      </symbol>
      <symbol id="sm-3fd">
         <name>TimerCounterSet</name>
         <value>0x80000e40</value>
         <object_component_ref idref="oc-c7"/>
      </symbol>
      <symbol id="sm-3fe">
         <name>TimerInvertINEnable</name>
         <value>0x80001374</value>
         <object_component_ref idref="oc-c7"/>
      </symbol>
      <symbol id="sm-3ff">
         <name>TimerInputGateDisable</name>
         <value>0x80001254</value>
         <object_component_ref idref="oc-c7"/>
      </symbol>
      <symbol id="sm-400">
         <name>TimerReadResetEnable</name>
         <value>0x800011b8</value>
         <object_component_ref idref="oc-c7"/>
      </symbol>
      <symbol id="sm-401">
         <name>TimerPeriodSet</name>
         <value>0x80000db8</value>
         <object_component_ref idref="oc-c7"/>
      </symbol>
      <symbol id="sm-402">
         <name>TimerDisable</name>
         <value>0x80000c88</value>
         <object_component_ref idref="oc-c7"/>
      </symbol>
      <symbol id="sm-403">
         <name>TimerDivDwnRatio34Get</name>
         <value>0x80001140</value>
         <object_component_ref idref="oc-c7"/>
      </symbol>
      <symbol id="sm-404">
         <name>TimerCompareGet</name>
         <value>0x80000fb4</value>
         <object_component_ref idref="oc-c7"/>
      </symbol>
      <symbol id="sm-405">
         <name>TimerReloadSet</name>
         <value>0x80000ec8</value>
         <object_component_ref idref="oc-c7"/>
      </symbol>
      <symbol id="sm-406">
         <name>TimerInvertINDisable</name>
         <value>0x800013a8</value>
         <object_component_ref idref="oc-c7"/>
      </symbol>
      <symbol id="sm-407">
         <name>TimerEnable</name>
         <value>0x80000c30</value>
         <object_component_ref idref="oc-c7"/>
      </symbol>
      <symbol id="sm-408">
         <name>TimerPreScalarCount34Set</name>
         <value>0x80001098</value>
         <object_component_ref idref="oc-c7"/>
      </symbol>
      <symbol id="sm-409">
         <name>TimerReadResetDisable</name>
         <value>0x800011ec</value>
         <object_component_ref idref="oc-c7"/>
      </symbol>
      <symbol id="sm-40a">
         <name>TimerInvertOUTDisable</name>
         <value>0x80001410</value>
         <object_component_ref idref="oc-c7"/>
      </symbol>
      <symbol id="sm-40b">
         <name>TimerCaptureConfigure</name>
         <value>0x80001160</value>
         <object_component_ref idref="oc-c7"/>
      </symbol>
      <symbol id="sm-40c">
         <name>TimerClockModeSet</name>
         <value>0x800012e0</value>
         <object_component_ref idref="oc-c7"/>
      </symbol>
      <symbol id="sm-40d">
         <name>TimerIntDisable</name>
         <value>0x80001004</value>
         <object_component_ref idref="oc-c7"/>
      </symbol>
      <symbol id="sm-40e">
         <name>TimerInputGateEnable</name>
         <value>0x80001220</value>
         <object_component_ref idref="oc-c7"/>
      </symbol>
      <symbol id="sm-40f">
         <name>TimerInvertOUTEnable</name>
         <value>0x800013dc</value>
         <object_component_ref idref="oc-c7"/>
      </symbol>
      <symbol id="sm-410">
         <name>TimerCompareSet</name>
         <value>0x80000f88</value>
         <object_component_ref idref="oc-c7"/>
      </symbol>
      <symbol id="sm-411">
         <name>TimerWatchdogActivate</name>
         <value>0x80000d2c</value>
         <object_component_ref idref="oc-c7"/>
      </symbol>
      <symbol id="sm-412">
         <name>TimerOUTStatusGet</name>
         <value>0x80001348</value>
         <object_component_ref idref="oc-c7"/>
      </symbol>
      <symbol id="sm-413">
         <name>TimerPeriodGet</name>
         <value>0x80000e08</value>
         <object_component_ref idref="oc-c7"/>
      </symbol>
      <symbol id="sm-414">
         <name>TimerCounterGet</name>
         <value>0x80000e90</value>
         <object_component_ref idref="oc-c7"/>
      </symbol>
      <symbol id="sm-415">
         <name>TimerPulseModeSet</name>
         <value>0x80001314</value>
         <object_component_ref idref="oc-c7"/>
      </symbol>
      <symbol id="sm-416">
         <name>TimerIntEnable</name>
         <value>0x80000fd8</value>
         <object_component_ref idref="oc-c7"/>
      </symbol>
      <symbol id="sm-417">
         <name>TimerReloadGet</name>
         <value>0x80000f18</value>
         <object_component_ref idref="oc-c7"/>
      </symbol>
      <symbol id="sm-418">
         <name>TimerIntStatusClear</name>
         <value>0x80001054</value>
         <object_component_ref idref="oc-c7"/>
      </symbol>
      <symbol id="sm-419">
         <name>TimerPulseWidthSet</name>
         <value>0x80001288</value>
         <object_component_ref idref="oc-c7"/>
      </symbol>
      <symbol id="sm-41a">
         <name>TimerIntStatusGet</name>
         <value>0x80001030</value>
         <object_component_ref idref="oc-c7"/>
      </symbol>
      <symbol id="sm-41b">
         <name>TimerDivDwnRatio34Set</name>
         <value>0x800010fc</value>
         <object_component_ref idref="oc-c7"/>
      </symbol>
      <symbol id="sm-41c">
         <name>TimerConfigure</name>
         <value>0x80000cbc</value>
         <object_component_ref idref="oc-c7"/>
      </symbol>
      <symbol id="sm-41d">
         <name>TimerPreScalarCount34Get</name>
         <value>0x800010dc</value>
         <object_component_ref idref="oc-c7"/>
      </symbol>
      <symbol id="sm-41e">
         <name>TimerWatchdogReactivate</name>
         <value>0x80000d68</value>
         <object_component_ref idref="oc-c7"/>
      </symbol>
      <symbol id="sm-41f">
         <name>TimerCaptureGet</name>
         <value>0x80000f50</value>
         <object_component_ref idref="oc-c7"/>
      </symbol>
      <symbol id="sm-432">
         <name>UARTConsoleGetc</name>
         <value>0x11700180</value>
         <object_component_ref idref="oc-10a"/>
      </symbol>
      <symbol id="sm-433">
         <name>UARTConsolePutc</name>
         <value>0x117001a4</value>
         <object_component_ref idref="oc-109"/>
      </symbol>
      <symbol id="sm-434">
         <name>UARTConsoleInit</name>
         <value>0x117000d4</value>
         <object_component_ref idref="oc-fc"/>
      </symbol>
      <symbol id="sm-44b">
         <name>UARTPinMuxSetup</name>
         <value>0x11700000</value>
         <object_component_ref idref="oc-13b"/>
      </symbol>
      <symbol id="sm-486">
         <name>UARTCharPutNonBlocking</name>
         <value>0x800017cc</value>
         <object_component_ref idref="oc-142"/>
      </symbol>
      <symbol id="sm-487">
         <name>UARTDMAEnable</name>
         <value>0x80001618</value>
         <object_component_ref idref="oc-142"/>
      </symbol>
      <symbol id="sm-488">
         <name>UARTFIFODisable</name>
         <value>0x8000172c</value>
         <object_component_ref idref="oc-142"/>
      </symbol>
      <symbol id="sm-489">
         <name>UARTModemControlSet</name>
         <value>0x800019b0</value>
         <object_component_ref idref="oc-142"/>
      </symbol>
      <symbol id="sm-48a">
         <name>UARTConfigSetExpClk</name>
         <value>0x8000147c</value>
         <object_component_ref idref="oc-142"/>
      </symbol>
      <symbol id="sm-48b">
         <name>UARTDisable</name>
         <value>0x800016e8</value>
         <object_component_ref idref="oc-142"/>
      </symbol>
      <symbol id="sm-48c">
         <name>UARTIntEnable</name>
         <value>0x800018c4</value>
         <object_component_ref idref="oc-142"/>
      </symbol>
      <symbol id="sm-48d">
         <name>UARTCharsAvail</name>
         <value>0x8000177c</value>
         <object_component_ref idref="oc-142"/>
      </symbol>
      <symbol id="sm-48e">
         <name>UARTCharGetNonBlocking</name>
         <value>0x80001810</value>
         <object_component_ref idref="oc-142"/>
      </symbol>
      <symbol id="sm-48f">
         <name>UARTModemStatusGet</name>
         <value>0x80001a40</value>
         <object_component_ref idref="oc-142"/>
      </symbol>
      <symbol id="sm-490">
         <name>UARTIntDisable</name>
         <value>0x800018f4</value>
         <object_component_ref idref="oc-142"/>
      </symbol>
      <symbol id="sm-491">
         <name>UARTCharPut</name>
         <value>0x80001880</value>
         <object_component_ref idref="oc-142"/>
      </symbol>
      <symbol id="sm-492">
         <name>UARTParityModeSet</name>
         <value>0x80001660</value>
         <object_component_ref idref="oc-142"/>
      </symbol>
      <symbol id="sm-493">
         <name>UARTRxErrorGet</name>
         <value>0x800017b0</value>
         <object_component_ref idref="oc-142"/>
      </symbol>
      <symbol id="sm-494">
         <name>UARTConfigGetExpClk</name>
         <value>0x80001540</value>
         <object_component_ref idref="oc-142"/>
      </symbol>
      <symbol id="sm-495">
         <name>UARTEnable</name>
         <value>0x800016cc</value>
         <object_component_ref idref="oc-142"/>
      </symbol>
      <symbol id="sm-496">
         <name>UARTModemControlGet</name>
         <value>0x80001a24</value>
         <object_component_ref idref="oc-142"/>
      </symbol>
      <symbol id="sm-497">
         <name>UARTFIFOEnable</name>
         <value>0x80001710</value>
         <object_component_ref idref="oc-142"/>
      </symbol>
      <symbol id="sm-498">
         <name>UARTIntStatus</name>
         <value>0x80001924</value>
         <object_component_ref idref="oc-142"/>
      </symbol>
      <symbol id="sm-499">
         <name>UARTDMADisable</name>
         <value>0x8000163c</value>
         <object_component_ref idref="oc-142"/>
      </symbol>
      <symbol id="sm-49a">
         <name>UARTSpaceAvail</name>
         <value>0x80001748</value>
         <object_component_ref idref="oc-142"/>
      </symbol>
      <symbol id="sm-49b">
         <name>UARTCharGet</name>
         <value>0x80001848</value>
         <object_component_ref idref="oc-142"/>
      </symbol>
      <symbol id="sm-49c">
         <name>UARTFIFOLevelSet</name>
         <value>0x800015f0</value>
         <object_component_ref idref="oc-142"/>
      </symbol>
      <symbol id="sm-49d">
         <name>UARTModemControlClear</name>
         <value>0x800019f4</value>
         <object_component_ref idref="oc-142"/>
      </symbol>
      <symbol id="sm-49e">
         <name>UARTParityModeGet</name>
         <value>0x800016a4</value>
         <object_component_ref idref="oc-142"/>
      </symbol>
      <symbol id="sm-49f">
         <name>UARTBreakCtl</name>
         <value>0x80001964</value>
         <object_component_ref idref="oc-142"/>
      </symbol>
      <symbol id="sm-4d2">
         <name>PSCModuleControl</name>
         <value>0x8000212c</value>
         <object_component_ref idref="oc-135"/>
      </symbol>
      <symbol id="sm-4d6">
         <name>__TI_static_base__</name>
         <value>0x800031a0</value>
      </symbol>
      <symbol id="sm-4db">
         <name>SHT$$INIT_ARRAY$$Limit</name>
         <value>0x0</value>
      </symbol>
      <symbol id="sm-4dc">
         <name>SHT$$INIT_ARRAY$$Base</name>
         <value>0x0</value>
      </symbol>
   </symbol_table>
   <title>Link successful</title>
</link_info>
